   8       0 sda 118374 28537 5814772 33586 170999 194921 19277944 181605 0 187400 108536 16519 0 5817512 63312
   8      16 sdb 11850 3383 1004986 64473 13797 2051 192184 43282 0 36604 89536 0 0 0 0
