Inter-|   Receive                                                |  Transmit
 face |bytes    packets errs drop fifo frame compressed multicast|bytes    packets errs drop fifo colls carrier compressed
enp2s0: 34899781   60249   10   20   30    40         50       447  8935189   63211   60   70   80    90     100        110
    lo: 31433180   57694   15   25   48    75         71        18 31433180   57694   12   48   82    38      66         17
wlxc8be19e6279d: 68384665   50991    0   85    0    17          0        44  4138903   29619    1    0    74     0       4          0
