; comment

listen_addr = 1.2.3.4
listen_port = invalid

; comment
