; comment

listen_addr = 1.2.3.4
listen_port
unix_socket_dir = /testdir

; comment
