1373
/var/lib/postgresql/12/main
invalid
5432
/var/run/postgresql
*
  5432001     32769
ready
