1373 /var/lib/postgresql/12/main 1590225462 5432 /var/run/postgresql *   5432001     32769 ready
