593
/var/lib/postgresql/12/main
1590520126
5432
/var/run/postgresql

  5433001 395837447
ready
