8022a4f9d6ca2f98587b52b81f52017156beeb7f60a0b99ccd598d2e25b705e1  chart.png
b44a65e21b3b1a229b5c4c8a43b4ea2dcfa1d9bfcabc97c462ca22c5d6da41bc  statements.b64
39c808c828c35de7cfcc9b2edbcd2857445bb01dace4271d0e313de2a4e2449d  example.golden.tar.gz
39e93eb9a31743e5ae74097d6f69773392735d6d09c5bc7ce0e200ac9410fe06  statements.out